// Jest Snapshot v1, https://goo.gl/fbAQLP

exports[`<IntlMessage /> renders component 1`] = `
<InjectIntl(InjectMassage)
  id="title"
/>
`;
